18:34:10 **** Incremental Build of configuration Debug for project 05_dma_sram1_sram2 ****
make all 
Building file: D:/00_myGit/stm32f429-dma/src/05_dma_sram1_sram2/Src/main.c
Invoking: MCU GCC Compiler
D:\00_myGit\stm32f429-dma\src\05_dma_sram1_sram2\SW4STM32\05_dma_sram1_sram2\Debug
arm-none-eabi-gcc -mcpu=cortex-m4 -mthumb -mfloat-abi=hard -mfpu=fpv4-sp-d16 '-D__weak=__attribute__((weak))' '-D__packed=__attribute__((__packed__))' -DUSE_HAL_DRIVER -DSTM32F429xx -I"D:/00_myGit/stm32f429-dma/src/05_dma_sram1_sram2/Inc" -I"D:/00_myGit/stm32f429-dma/src/05_dma_sram1_sram2/Drivers/STM32F4xx_HAL_Driver/Inc" -I"D:/00_myGit/stm32f429-dma/src/05_dma_sram1_sram2/Drivers/STM32F4xx_HAL_Driver/Inc/Legacy" -I"D:/00_myGit/stm32f429-dma/src/05_dma_sram1_sram2/Drivers/CMSIS/Device/ST/STM32F4xx/Include" -I"D:/00_myGit/stm32f429-dma/src/05_dma_sram1_sram2/Drivers/CMSIS/Include" -I"D:/00_myGit/stm32f429-dma/src/05_dma_sram1_sram2/Inc"  -Og -g3 -Wall -fmessage-length=0 -ffunction-sections -c -fmessage-length=0 -MMD -MP -MF"Application/User/main.d" -MT"Application/User/main.o" -o "Application/User/main.o" "D:/00_myGit/stm32f429-dma/src/05_dma_sram1_sram2/Src/main.c"
Finished building: D:/00_myGit/stm32f429-dma/src/05_dma_sram1_sram2/Src/main.c
 
Building target: 05_dma_sram1_sram2.elf
Invoking: MCU GCC Linker
arm-none-eabi-gcc -mcpu=cortex-m4 -mthumb -mfloat-abi=hard -mfpu=fpv4-sp-d16 -specs=nosys.specs -specs=nano.specs -T"../STM32F429ZITx_FLASH.ld" -Wl,-Map=output.map -Wl,--gc-sections -o "05_dma_sram1_sram2.elf" @"objects.list"   -lm
Finished building target: 05_dma_sram1_sram2.elf
 
make --no-print-directory post-build
Generating hex and Printing size information:
arm-none-eabi-objcopy -O ihex "05_dma_sram1_sram2.elf" "05_dma_sram1_sram2.hex"
arm-none-eabi-size "05_dma_sram1_sram2.elf"
   text	   data	    bss	    dec	    hex	filename
   5732	     24	   1760	   7516	   1d5c	05_dma_sram1_sram2.elf
 

18:34:11 Build Finished (took 1s.210ms)

