23:22:11 **** Build of configuration Debug for project 07_dma_uart_to_sram ****
make all 
Building file: D:/00_myGit/stm32f429-dma/src/07_dma_uart_to_sram/Drivers/STM32F4xx_HAL_Driver/Src/stm32f4xx_hal.c
Invoking: MCU GCC Compiler
D:\00_myGit\stm32f429-dma\src\07_dma_uart_to_sram\SW4STM32\07_dma_uart_to_sram\Debug
arm-none-eabi-gcc -mcpu=cortex-m4 -mthumb -mfloat-abi=hard -mfpu=fpv4-sp-d16 '-D__weak=__attribute__((weak))' '-D__packed=__attribute__((__packed__))' -DUSE_HAL_DRIVER -DSTM32F429xx -I"D:/00_myGit/stm32f429-dma/src/07_dma_uart_to_sram/Inc" -I"D:/00_myGit/stm32f429-dma/src/07_dma_uart_to_sram/Drivers/STM32F4xx_HAL_Driver/Inc" -I"D:/00_myGit/stm32f429-dma/src/07_dma_uart_to_sram/Drivers/STM32F4xx_HAL_Driver/Inc/Legacy" -I"D:/00_myGit/stm32f429-dma/src/07_dma_uart_to_sram/Drivers/CMSIS/Device/ST/STM32F4xx/Include" -I"D:/00_myGit/stm32f429-dma/src/07_dma_uart_to_sram/Drivers/CMSIS/Include"  -Og -g3 -Wall -fmessage-length=0 -ffunction-sections -c -fmessage-length=0 -MMD -MP -MF"Drivers/STM32F4xx_HAL_Driver/stm32f4xx_hal.d" -MT"Drivers/STM32F4xx_HAL_Driver/stm32f4xx_hal.o" -o "Drivers/STM32F4xx_HAL_Driver/stm32f4xx_hal.o" "D:/00_myGit/stm32f429-dma/src/07_dma_uart_to_sram/Drivers/STM32F4xx_HAL_Driver/Src/stm32f4xx_hal.c"
Finished building: D:/00_myGit/stm32f429-dma/src/07_dma_uart_to_sram/Drivers/STM32F4xx_HAL_Driver/Src/stm32f4xx_hal.c
 
Building file: D:/00_myGit/stm32f429-dma/src/07_dma_uart_to_sram/Drivers/STM32F4xx_HAL_Driver/Src/stm32f4xx_hal_cortex.c
Invoking: MCU GCC Compiler
D:\00_myGit\stm32f429-dma\src\07_dma_uart_to_sram\SW4STM32\07_dma_uart_to_sram\Debug
arm-none-eabi-gcc -mcpu=cortex-m4 -mthumb -mfloat-abi=hard -mfpu=fpv4-sp-d16 '-D__weak=__attribute__((weak))' '-D__packed=__attribute__((__packed__))' -DUSE_HAL_DRIVER -DSTM32F429xx -I"D:/00_myGit/stm32f429-dma/src/07_dma_uart_to_sram/Inc" -I"D:/00_myGit/stm32f429-dma/src/07_dma_uart_to_sram/Drivers/STM32F4xx_HAL_Driver/Inc" -I"D:/00_myGit/stm32f429-dma/src/07_dma_uart_to_sram/Drivers/STM32F4xx_HAL_Driver/Inc/Legacy" -I"D:/00_myGit/stm32f429-dma/src/07_dma_uart_to_sram/Drivers/CMSIS/Device/ST/STM32F4xx/Include" -I"D:/00_myGit/stm32f429-dma/src/07_dma_uart_to_sram/Drivers/CMSIS/Include"  -Og -g3 -Wall -fmessage-length=0 -ffunction-sections -c -fmessage-length=0 -MMD -MP -MF"Drivers/STM32F4xx_HAL_Driver/stm32f4xx_hal_cortex.d" -MT"Drivers/STM32F4xx_HAL_Driver/stm32f4xx_hal_cortex.o" -o "Drivers/STM32F4xx_HAL_Driver/stm32f4xx_hal_cortex.o" "D:/00_myGit/stm32f429-dma/src/07_dma_uart_to_sram/Drivers/STM32F4xx_HAL_Driver/Src/stm32f4xx_hal_cortex.c"
Finished building: D:/00_myGit/stm32f429-dma/src/07_dma_uart_to_sram/Drivers/STM32F4xx_HAL_Driver/Src/stm32f4xx_hal_cortex.c
 
Building file: D:/00_myGit/stm32f429-dma/src/07_dma_uart_to_sram/Drivers/STM32F4xx_HAL_Driver/Src/stm32f4xx_hal_dma.c
Invoking: MCU GCC Compiler
D:\00_myGit\stm32f429-dma\src\07_dma_uart_to_sram\SW4STM32\07_dma_uart_to_sram\Debug
arm-none-eabi-gcc -mcpu=cortex-m4 -mthumb -mfloat-abi=hard -mfpu=fpv4-sp-d16 '-D__weak=__attribute__((weak))' '-D__packed=__attribute__((__packed__))' -DUSE_HAL_DRIVER -DSTM32F429xx -I"D:/00_myGit/stm32f429-dma/src/07_dma_uart_to_sram/Inc" -I"D:/00_myGit/stm32f429-dma/src/07_dma_uart_to_sram/Drivers/STM32F4xx_HAL_Driver/Inc" -I"D:/00_myGit/stm32f429-dma/src/07_dma_uart_to_sram/Drivers/STM32F4xx_HAL_Driver/Inc/Legacy" -I"D:/00_myGit/stm32f429-dma/src/07_dma_uart_to_sram/Drivers/CMSIS/Device/ST/STM32F4xx/Include" -I"D:/00_myGit/stm32f429-dma/src/07_dma_uart_to_sram/Drivers/CMSIS/Include"  -Og -g3 -Wall -fmessage-length=0 -ffunction-sections -c -fmessage-length=0 -MMD -MP -MF"Drivers/STM32F4xx_HAL_Driver/stm32f4xx_hal_dma.d" -MT"Drivers/STM32F4xx_HAL_Driver/stm32f4xx_hal_dma.o" -o "Drivers/STM32F4xx_HAL_Driver/stm32f4xx_hal_dma.o" "D:/00_myGit/stm32f429-dma/src/07_dma_uart_to_sram/Drivers/STM32F4xx_HAL_Driver/Src/stm32f4xx_hal_dma.c"
Finished building: D:/00_myGit/stm32f429-dma/src/07_dma_uart_to_sram/Drivers/STM32F4xx_HAL_Driver/Src/stm32f4xx_hal_dma.c
 
Building file: D:/00_myGit/stm32f429-dma/src/07_dma_uart_to_sram/Drivers/STM32F4xx_HAL_Driver/Src/stm32f4xx_hal_dma_ex.c
Invoking: MCU GCC Compiler
D:\00_myGit\stm32f429-dma\src\07_dma_uart_to_sram\SW4STM32\07_dma_uart_to_sram\Debug
arm-none-eabi-gcc -mcpu=cortex-m4 -mthumb -mfloat-abi=hard -mfpu=fpv4-sp-d16 '-D__weak=__attribute__((weak))' '-D__packed=__attribute__((__packed__))' -DUSE_HAL_DRIVER -DSTM32F429xx -I"D:/00_myGit/stm32f429-dma/src/07_dma_uart_to_sram/Inc" -I"D:/00_myGit/stm32f429-dma/src/07_dma_uart_to_sram/Drivers/STM32F4xx_HAL_Driver/Inc" -I"D:/00_myGit/stm32f429-dma/src/07_dma_uart_to_sram/Drivers/STM32F4xx_HAL_Driver/Inc/Legacy" -I"D:/00_myGit/stm32f429-dma/src/07_dma_uart_to_sram/Drivers/CMSIS/Device/ST/STM32F4xx/Include" -I"D:/00_myGit/stm32f429-dma/src/07_dma_uart_to_sram/Drivers/CMSIS/Include"  -Og -g3 -Wall -fmessage-length=0 -ffunction-sections -c -fmessage-length=0 -MMD -MP -MF"Drivers/STM32F4xx_HAL_Driver/stm32f4xx_hal_dma_ex.d" -MT"Drivers/STM32F4xx_HAL_Driver/stm32f4xx_hal_dma_ex.o" -o "Drivers/STM32F4xx_HAL_Driver/stm32f4xx_hal_dma_ex.o" "D:/00_myGit/stm32f429-dma/src/07_dma_uart_to_sram/Drivers/STM32F4xx_HAL_Driver/Src/stm32f4xx_hal_dma_ex.c"
Finished building: D:/00_myGit/stm32f429-dma/src/07_dma_uart_to_sram/Drivers/STM32F4xx_HAL_Driver/Src/stm32f4xx_hal_dma_ex.c
 
Building file: D:/00_myGit/stm32f429-dma/src/07_dma_uart_to_sram/Drivers/STM32F4xx_HAL_Driver/Src/stm32f4xx_hal_flash.c
Invoking: MCU GCC Compiler
D:\00_myGit\stm32f429-dma\src\07_dma_uart_to_sram\SW4STM32\07_dma_uart_to_sram\Debug
arm-none-eabi-gcc -mcpu=cortex-m4 -mthumb -mfloat-abi=hard -mfpu=fpv4-sp-d16 '-D__weak=__attribute__((weak))' '-D__packed=__attribute__((__packed__))' -DUSE_HAL_DRIVER -DSTM32F429xx -I"D:/00_myGit/stm32f429-dma/src/07_dma_uart_to_sram/Inc" -I"D:/00_myGit/stm32f429-dma/src/07_dma_uart_to_sram/Drivers/STM32F4xx_HAL_Driver/Inc" -I"D:/00_myGit/stm32f429-dma/src/07_dma_uart_to_sram/Drivers/STM32F4xx_HAL_Driver/Inc/Legacy" -I"D:/00_myGit/stm32f429-dma/src/07_dma_uart_to_sram/Drivers/CMSIS/Device/ST/STM32F4xx/Include" -I"D:/00_myGit/stm32f429-dma/src/07_dma_uart_to_sram/Drivers/CMSIS/Include"  -Og -g3 -Wall -fmessage-length=0 -ffunction-sections -c -fmessage-length=0 -MMD -MP -MF"Drivers/STM32F4xx_HAL_Driver/stm32f4xx_hal_flash.d" -MT"Drivers/STM32F4xx_HAL_Driver/stm32f4xx_hal_flash.o" -o "Drivers/STM32F4xx_HAL_Driver/stm32f4xx_hal_flash.o" "D:/00_myGit/stm32f429-dma/src/07_dma_uart_to_sram/Drivers/STM32F4xx_HAL_Driver/Src/stm32f4xx_hal_flash.c"
Finished building: D:/00_myGit/stm32f429-dma/src/07_dma_uart_to_sram/Drivers/STM32F4xx_HAL_Driver/Src/stm32f4xx_hal_flash.c
 
Building file: D:/00_myGit/stm32f429-dma/src/07_dma_uart_to_sram/Drivers/STM32F4xx_HAL_Driver/Src/stm32f4xx_hal_flash_ex.c
Invoking: MCU GCC Compiler
D:\00_myGit\stm32f429-dma\src\07_dma_uart_to_sram\SW4STM32\07_dma_uart_to_sram\Debug
arm-none-eabi-gcc -mcpu=cortex-m4 -mthumb -mfloat-abi=hard -mfpu=fpv4-sp-d16 '-D__weak=__attribute__((weak))' '-D__packed=__attribute__((__packed__))' -DUSE_HAL_DRIVER -DSTM32F429xx -I"D:/00_myGit/stm32f429-dma/src/07_dma_uart_to_sram/Inc" -I"D:/00_myGit/stm32f429-dma/src/07_dma_uart_to_sram/Drivers/STM32F4xx_HAL_Driver/Inc" -I"D:/00_myGit/stm32f429-dma/src/07_dma_uart_to_sram/Drivers/STM32F4xx_HAL_Driver/Inc/Legacy" -I"D:/00_myGit/stm32f429-dma/src/07_dma_uart_to_sram/Drivers/CMSIS/Device/ST/STM32F4xx/Include" -I"D:/00_myGit/stm32f429-dma/src/07_dma_uart_to_sram/Drivers/CMSIS/Include"  -Og -g3 -Wall -fmessage-length=0 -ffunction-sections -c -fmessage-length=0 -MMD -MP -MF"Drivers/STM32F4xx_HAL_Driver/stm32f4xx_hal_flash_ex.d" -MT"Drivers/STM32F4xx_HAL_Driver/stm32f4xx_hal_flash_ex.o" -o "Drivers/STM32F4xx_HAL_Driver/stm32f4xx_hal_flash_ex.o" "D:/00_myGit/stm32f429-dma/src/07_dma_uart_to_sram/Drivers/STM32F4xx_HAL_Driver/Src/stm32f4xx_hal_flash_ex.c"
Finished building: D:/00_myGit/stm32f429-dma/src/07_dma_uart_to_sram/Drivers/STM32F4xx_HAL_Driver/Src/stm32f4xx_hal_flash_ex.c
 
Building file: D:/00_myGit/stm32f429-dma/src/07_dma_uart_to_sram/Drivers/STM32F4xx_HAL_Driver/Src/stm32f4xx_hal_flash_ramfunc.c
Invoking: MCU GCC Compiler
D:\00_myGit\stm32f429-dma\src\07_dma_uart_to_sram\SW4STM32\07_dma_uart_to_sram\Debug
arm-none-eabi-gcc -mcpu=cortex-m4 -mthumb -mfloat-abi=hard -mfpu=fpv4-sp-d16 '-D__weak=__attribute__((weak))' '-D__packed=__attribute__((__packed__))' -DUSE_HAL_DRIVER -DSTM32F429xx -I"D:/00_myGit/stm32f429-dma/src/07_dma_uart_to_sram/Inc" -I"D:/00_myGit/stm32f429-dma/src/07_dma_uart_to_sram/Drivers/STM32F4xx_HAL_Driver/Inc" -I"D:/00_myGit/stm32f429-dma/src/07_dma_uart_to_sram/Drivers/STM32F4xx_HAL_Driver/Inc/Legacy" -I"D:/00_myGit/stm32f429-dma/src/07_dma_uart_to_sram/Drivers/CMSIS/Device/ST/STM32F4xx/Include" -I"D:/00_myGit/stm32f429-dma/src/07_dma_uart_to_sram/Drivers/CMSIS/Include"  -Og -g3 -Wall -fmessage-length=0 -ffunction-sections -c -fmessage-length=0 -MMD -MP -MF"Drivers/STM32F4xx_HAL_Driver/stm32f4xx_hal_flash_ramfunc.d" -MT"Drivers/STM32F4xx_HAL_Driver/stm32f4xx_hal_flash_ramfunc.o" -o "Drivers/STM32F4xx_HAL_Driver/stm32f4xx_hal_flash_ramfunc.o" "D:/00_myGit/stm32f429-dma/src/07_dma_uart_to_sram/Drivers/STM32F4xx_HAL_Driver/Src/stm32f4xx_hal_flash_ramfunc.c"
Finished building: D:/00_myGit/stm32f429-dma/src/07_dma_uart_to_sram/Drivers/STM32F4xx_HAL_Driver/Src/stm32f4xx_hal_flash_ramfunc.c
 
Building file: D:/00_myGit/stm32f429-dma/src/07_dma_uart_to_sram/Drivers/STM32F4xx_HAL_Driver/Src/stm32f4xx_hal_gpio.c
Invoking: MCU GCC Compiler
D:\00_myGit\stm32f429-dma\src\07_dma_uart_to_sram\SW4STM32\07_dma_uart_to_sram\Debug
arm-none-eabi-gcc -mcpu=cortex-m4 -mthumb -mfloat-abi=hard -mfpu=fpv4-sp-d16 '-D__weak=__attribute__((weak))' '-D__packed=__attribute__((__packed__))' -DUSE_HAL_DRIVER -DSTM32F429xx -I"D:/00_myGit/stm32f429-dma/src/07_dma_uart_to_sram/Inc" -I"D:/00_myGit/stm32f429-dma/src/07_dma_uart_to_sram/Drivers/STM32F4xx_HAL_Driver/Inc" -I"D:/00_myGit/stm32f429-dma/src/07_dma_uart_to_sram/Drivers/STM32F4xx_HAL_Driver/Inc/Legacy" -I"D:/00_myGit/stm32f429-dma/src/07_dma_uart_to_sram/Drivers/CMSIS/Device/ST/STM32F4xx/Include" -I"D:/00_myGit/stm32f429-dma/src/07_dma_uart_to_sram/Drivers/CMSIS/Include"  -Og -g3 -Wall -fmessage-length=0 -ffunction-sections -c -fmessage-length=0 -MMD -MP -MF"Drivers/STM32F4xx_HAL_Driver/stm32f4xx_hal_gpio.d" -MT"Drivers/STM32F4xx_HAL_Driver/stm32f4xx_hal_gpio.o" -o "Drivers/STM32F4xx_HAL_Driver/stm32f4xx_hal_gpio.o" "D:/00_myGit/stm32f429-dma/src/07_dma_uart_to_sram/Drivers/STM32F4xx_HAL_Driver/Src/stm32f4xx_hal_gpio.c"
Finished building: D:/00_myGit/stm32f429-dma/src/07_dma_uart_to_sram/Drivers/STM32F4xx_HAL_Driver/Src/stm32f4xx_hal_gpio.c
 
Building file: D:/00_myGit/stm32f429-dma/src/07_dma_uart_to_sram/Drivers/STM32F4xx_HAL_Driver/Src/stm32f4xx_hal_pwr.c
Invoking: MCU GCC Compiler
D:\00_myGit\stm32f429-dma\src\07_dma_uart_to_sram\SW4STM32\07_dma_uart_to_sram\Debug
arm-none-eabi-gcc -mcpu=cortex-m4 -mthumb -mfloat-abi=hard -mfpu=fpv4-sp-d16 '-D__weak=__attribute__((weak))' '-D__packed=__attribute__((__packed__))' -DUSE_HAL_DRIVER -DSTM32F429xx -I"D:/00_myGit/stm32f429-dma/src/07_dma_uart_to_sram/Inc" -I"D:/00_myGit/stm32f429-dma/src/07_dma_uart_to_sram/Drivers/STM32F4xx_HAL_Driver/Inc" -I"D:/00_myGit/stm32f429-dma/src/07_dma_uart_to_sram/Drivers/STM32F4xx_HAL_Driver/Inc/Legacy" -I"D:/00_myGit/stm32f429-dma/src/07_dma_uart_to_sram/Drivers/CMSIS/Device/ST/STM32F4xx/Include" -I"D:/00_myGit/stm32f429-dma/src/07_dma_uart_to_sram/Drivers/CMSIS/Include"  -Og -g3 -Wall -fmessage-length=0 -ffunction-sections -c -fmessage-length=0 -MMD -MP -MF"Drivers/STM32F4xx_HAL_Driver/stm32f4xx_hal_pwr.d" -MT"Drivers/STM32F4xx_HAL_Driver/stm32f4xx_hal_pwr.o" -o "Drivers/STM32F4xx_HAL_Driver/stm32f4xx_hal_pwr.o" "D:/00_myGit/stm32f429-dma/src/07_dma_uart_to_sram/Drivers/STM32F4xx_HAL_Driver/Src/stm32f4xx_hal_pwr.c"
Finished building: D:/00_myGit/stm32f429-dma/src/07_dma_uart_to_sram/Drivers/STM32F4xx_HAL_Driver/Src/stm32f4xx_hal_pwr.c
 
Building file: D:/00_myGit/stm32f429-dma/src/07_dma_uart_to_sram/Drivers/STM32F4xx_HAL_Driver/Src/stm32f4xx_hal_pwr_ex.c
Invoking: MCU GCC Compiler
D:\00_myGit\stm32f429-dma\src\07_dma_uart_to_sram\SW4STM32\07_dma_uart_to_sram\Debug
arm-none-eabi-gcc -mcpu=cortex-m4 -mthumb -mfloat-abi=hard -mfpu=fpv4-sp-d16 '-D__weak=__attribute__((weak))' '-D__packed=__attribute__((__packed__))' -DUSE_HAL_DRIVER -DSTM32F429xx -I"D:/00_myGit/stm32f429-dma/src/07_dma_uart_to_sram/Inc" -I"D:/00_myGit/stm32f429-dma/src/07_dma_uart_to_sram/Drivers/STM32F4xx_HAL_Driver/Inc" -I"D:/00_myGit/stm32f429-dma/src/07_dma_uart_to_sram/Drivers/STM32F4xx_HAL_Driver/Inc/Legacy" -I"D:/00_myGit/stm32f429-dma/src/07_dma_uart_to_sram/Drivers/CMSIS/Device/ST/STM32F4xx/Include" -I"D:/00_myGit/stm32f429-dma/src/07_dma_uart_to_sram/Drivers/CMSIS/Include"  -Og -g3 -Wall -fmessage-length=0 -ffunction-sections -c -fmessage-length=0 -MMD -MP -MF"Drivers/STM32F4xx_HAL_Driver/stm32f4xx_hal_pwr_ex.d" -MT"Drivers/STM32F4xx_HAL_Driver/stm32f4xx_hal_pwr_ex.o" -o "Drivers/STM32F4xx_HAL_Driver/stm32f4xx_hal_pwr_ex.o" "D:/00_myGit/stm32f429-dma/src/07_dma_uart_to_sram/Drivers/STM32F4xx_HAL_Driver/Src/stm32f4xx_hal_pwr_ex.c"
Finished building: D:/00_myGit/stm32f429-dma/src/07_dma_uart_to_sram/Drivers/STM32F4xx_HAL_Driver/Src/stm32f4xx_hal_pwr_ex.c
 
Building file: D:/00_myGit/stm32f429-dma/src/07_dma_uart_to_sram/Drivers/STM32F4xx_HAL_Driver/Src/stm32f4xx_hal_rcc.c
Invoking: MCU GCC Compiler
D:\00_myGit\stm32f429-dma\src\07_dma_uart_to_sram\SW4STM32\07_dma_uart_to_sram\Debug
arm-none-eabi-gcc -mcpu=cortex-m4 -mthumb -mfloat-abi=hard -mfpu=fpv4-sp-d16 '-D__weak=__attribute__((weak))' '-D__packed=__attribute__((__packed__))' -DUSE_HAL_DRIVER -DSTM32F429xx -I"D:/00_myGit/stm32f429-dma/src/07_dma_uart_to_sram/Inc" -I"D:/00_myGit/stm32f429-dma/src/07_dma_uart_to_sram/Drivers/STM32F4xx_HAL_Driver/Inc" -I"D:/00_myGit/stm32f429-dma/src/07_dma_uart_to_sram/Drivers/STM32F4xx_HAL_Driver/Inc/Legacy" -I"D:/00_myGit/stm32f429-dma/src/07_dma_uart_to_sram/Drivers/CMSIS/Device/ST/STM32F4xx/Include" -I"D:/00_myGit/stm32f429-dma/src/07_dma_uart_to_sram/Drivers/CMSIS/Include"  -Og -g3 -Wall -fmessage-length=0 -ffunction-sections -c -fmessage-length=0 -MMD -MP -MF"Drivers/STM32F4xx_HAL_Driver/stm32f4xx_hal_rcc.d" -MT"Drivers/STM32F4xx_HAL_Driver/stm32f4xx_hal_rcc.o" -o "Drivers/STM32F4xx_HAL_Driver/stm32f4xx_hal_rcc.o" "D:/00_myGit/stm32f429-dma/src/07_dma_uart_to_sram/Drivers/STM32F4xx_HAL_Driver/Src/stm32f4xx_hal_rcc.c"
Finished building: D:/00_myGit/stm32f429-dma/src/07_dma_uart_to_sram/Drivers/STM32F4xx_HAL_Driver/Src/stm32f4xx_hal_rcc.c
 
Building file: D:/00_myGit/stm32f429-dma/src/07_dma_uart_to_sram/Drivers/STM32F4xx_HAL_Driver/Src/stm32f4xx_hal_rcc_ex.c
Invoking: MCU GCC Compiler
D:\00_myGit\stm32f429-dma\src\07_dma_uart_to_sram\SW4STM32\07_dma_uart_to_sram\Debug
arm-none-eabi-gcc -mcpu=cortex-m4 -mthumb -mfloat-abi=hard -mfpu=fpv4-sp-d16 '-D__weak=__attribute__((weak))' '-D__packed=__attribute__((__packed__))' -DUSE_HAL_DRIVER -DSTM32F429xx -I"D:/00_myGit/stm32f429-dma/src/07_dma_uart_to_sram/Inc" -I"D:/00_myGit/stm32f429-dma/src/07_dma_uart_to_sram/Drivers/STM32F4xx_HAL_Driver/Inc" -I"D:/00_myGit/stm32f429-dma/src/07_dma_uart_to_sram/Drivers/STM32F4xx_HAL_Driver/Inc/Legacy" -I"D:/00_myGit/stm32f429-dma/src/07_dma_uart_to_sram/Drivers/CMSIS/Device/ST/STM32F4xx/Include" -I"D:/00_myGit/stm32f429-dma/src/07_dma_uart_to_sram/Drivers/CMSIS/Include"  -Og -g3 -Wall -fmessage-length=0 -ffunction-sections -c -fmessage-length=0 -MMD -MP -MF"Drivers/STM32F4xx_HAL_Driver/stm32f4xx_hal_rcc_ex.d" -MT"Drivers/STM32F4xx_HAL_Driver/stm32f4xx_hal_rcc_ex.o" -o "Drivers/STM32F4xx_HAL_Driver/stm32f4xx_hal_rcc_ex.o" "D:/00_myGit/stm32f429-dma/src/07_dma_uart_to_sram/Drivers/STM32F4xx_HAL_Driver/Src/stm32f4xx_hal_rcc_ex.c"
Finished building: D:/00_myGit/stm32f429-dma/src/07_dma_uart_to_sram/Drivers/STM32F4xx_HAL_Driver/Src/stm32f4xx_hal_rcc_ex.c
 
Building file: D:/00_myGit/stm32f429-dma/src/07_dma_uart_to_sram/Drivers/STM32F4xx_HAL_Driver/Src/stm32f4xx_hal_tim.c
Invoking: MCU GCC Compiler
D:\00_myGit\stm32f429-dma\src\07_dma_uart_to_sram\SW4STM32\07_dma_uart_to_sram\Debug
arm-none-eabi-gcc -mcpu=cortex-m4 -mthumb -mfloat-abi=hard -mfpu=fpv4-sp-d16 '-D__weak=__attribute__((weak))' '-D__packed=__attribute__((__packed__))' -DUSE_HAL_DRIVER -DSTM32F429xx -I"D:/00_myGit/stm32f429-dma/src/07_dma_uart_to_sram/Inc" -I"D:/00_myGit/stm32f429-dma/src/07_dma_uart_to_sram/Drivers/STM32F4xx_HAL_Driver/Inc" -I"D:/00_myGit/stm32f429-dma/src/07_dma_uart_to_sram/Drivers/STM32F4xx_HAL_Driver/Inc/Legacy" -I"D:/00_myGit/stm32f429-dma/src/07_dma_uart_to_sram/Drivers/CMSIS/Device/ST/STM32F4xx/Include" -I"D:/00_myGit/stm32f429-dma/src/07_dma_uart_to_sram/Drivers/CMSIS/Include"  -Og -g3 -Wall -fmessage-length=0 -ffunction-sections -c -fmessage-length=0 -MMD -MP -MF"Drivers/STM32F4xx_HAL_Driver/stm32f4xx_hal_tim.d" -MT"Drivers/STM32F4xx_HAL_Driver/stm32f4xx_hal_tim.o" -o "Drivers/STM32F4xx_HAL_Driver/stm32f4xx_hal_tim.o" "D:/00_myGit/stm32f429-dma/src/07_dma_uart_to_sram/Drivers/STM32F4xx_HAL_Driver/Src/stm32f4xx_hal_tim.c"
Finished building: D:/00_myGit/stm32f429-dma/src/07_dma_uart_to_sram/Drivers/STM32F4xx_HAL_Driver/Src/stm32f4xx_hal_tim.c
 
Building file: D:/00_myGit/stm32f429-dma/src/07_dma_uart_to_sram/Drivers/STM32F4xx_HAL_Driver/Src/stm32f4xx_hal_tim_ex.c
Invoking: MCU GCC Compiler
D:\00_myGit\stm32f429-dma\src\07_dma_uart_to_sram\SW4STM32\07_dma_uart_to_sram\Debug
arm-none-eabi-gcc -mcpu=cortex-m4 -mthumb -mfloat-abi=hard -mfpu=fpv4-sp-d16 '-D__weak=__attribute__((weak))' '-D__packed=__attribute__((__packed__))' -DUSE_HAL_DRIVER -DSTM32F429xx -I"D:/00_myGit/stm32f429-dma/src/07_dma_uart_to_sram/Inc" -I"D:/00_myGit/stm32f429-dma/src/07_dma_uart_to_sram/Drivers/STM32F4xx_HAL_Driver/Inc" -I"D:/00_myGit/stm32f429-dma/src/07_dma_uart_to_sram/Drivers/STM32F4xx_HAL_Driver/Inc/Legacy" -I"D:/00_myGit/stm32f429-dma/src/07_dma_uart_to_sram/Drivers/CMSIS/Device/ST/STM32F4xx/Include" -I"D:/00_myGit/stm32f429-dma/src/07_dma_uart_to_sram/Drivers/CMSIS/Include"  -Og -g3 -Wall -fmessage-length=0 -ffunction-sections -c -fmessage-length=0 -MMD -MP -MF"Drivers/STM32F4xx_HAL_Driver/stm32f4xx_hal_tim_ex.d" -MT"Drivers/STM32F4xx_HAL_Driver/stm32f4xx_hal_tim_ex.o" -o "Drivers/STM32F4xx_HAL_Driver/stm32f4xx_hal_tim_ex.o" "D:/00_myGit/stm32f429-dma/src/07_dma_uart_to_sram/Drivers/STM32F4xx_HAL_Driver/Src/stm32f4xx_hal_tim_ex.c"
Finished building: D:/00_myGit/stm32f429-dma/src/07_dma_uart_to_sram/Drivers/STM32F4xx_HAL_Driver/Src/stm32f4xx_hal_tim_ex.c
 
Building file: D:/00_myGit/stm32f429-dma/src/07_dma_uart_to_sram/Drivers/STM32F4xx_HAL_Driver/Src/stm32f4xx_hal_uart.c
Invoking: MCU GCC Compiler
D:\00_myGit\stm32f429-dma\src\07_dma_uart_to_sram\SW4STM32\07_dma_uart_to_sram\Debug
arm-none-eabi-gcc -mcpu=cortex-m4 -mthumb -mfloat-abi=hard -mfpu=fpv4-sp-d16 '-D__weak=__attribute__((weak))' '-D__packed=__attribute__((__packed__))' -DUSE_HAL_DRIVER -DSTM32F429xx -I"D:/00_myGit/stm32f429-dma/src/07_dma_uart_to_sram/Inc" -I"D:/00_myGit/stm32f429-dma/src/07_dma_uart_to_sram/Drivers/STM32F4xx_HAL_Driver/Inc" -I"D:/00_myGit/stm32f429-dma/src/07_dma_uart_to_sram/Drivers/STM32F4xx_HAL_Driver/Inc/Legacy" -I"D:/00_myGit/stm32f429-dma/src/07_dma_uart_to_sram/Drivers/CMSIS/Device/ST/STM32F4xx/Include" -I"D:/00_myGit/stm32f429-dma/src/07_dma_uart_to_sram/Drivers/CMSIS/Include"  -Og -g3 -Wall -fmessage-length=0 -ffunction-sections -c -fmessage-length=0 -MMD -MP -MF"Drivers/STM32F4xx_HAL_Driver/stm32f4xx_hal_uart.d" -MT"Drivers/STM32F4xx_HAL_Driver/stm32f4xx_hal_uart.o" -o "Drivers/STM32F4xx_HAL_Driver/stm32f4xx_hal_uart.o" "D:/00_myGit/stm32f429-dma/src/07_dma_uart_to_sram/Drivers/STM32F4xx_HAL_Driver/Src/stm32f4xx_hal_uart.c"
Finished building: D:/00_myGit/stm32f429-dma/src/07_dma_uart_to_sram/Drivers/STM32F4xx_HAL_Driver/Src/stm32f4xx_hal_uart.c
 
Building file: D:/00_myGit/stm32f429-dma/src/07_dma_uart_to_sram/Src/system_stm32f4xx.c
Invoking: MCU GCC Compiler
D:\00_myGit\stm32f429-dma\src\07_dma_uart_to_sram\SW4STM32\07_dma_uart_to_sram\Debug
arm-none-eabi-gcc -mcpu=cortex-m4 -mthumb -mfloat-abi=hard -mfpu=fpv4-sp-d16 '-D__weak=__attribute__((weak))' '-D__packed=__attribute__((__packed__))' -DUSE_HAL_DRIVER -DSTM32F429xx -I"D:/00_myGit/stm32f429-dma/src/07_dma_uart_to_sram/Inc" -I"D:/00_myGit/stm32f429-dma/src/07_dma_uart_to_sram/Drivers/STM32F4xx_HAL_Driver/Inc" -I"D:/00_myGit/stm32f429-dma/src/07_dma_uart_to_sram/Drivers/STM32F4xx_HAL_Driver/Inc/Legacy" -I"D:/00_myGit/stm32f429-dma/src/07_dma_uart_to_sram/Drivers/CMSIS/Device/ST/STM32F4xx/Include" -I"D:/00_myGit/stm32f429-dma/src/07_dma_uart_to_sram/Drivers/CMSIS/Include"  -Og -g3 -Wall -fmessage-length=0 -ffunction-sections -c -fmessage-length=0 -MMD -MP -MF"Drivers/CMSIS/system_stm32f4xx.d" -MT"Drivers/CMSIS/system_stm32f4xx.o" -o "Drivers/CMSIS/system_stm32f4xx.o" "D:/00_myGit/stm32f429-dma/src/07_dma_uart_to_sram/Src/system_stm32f4xx.c"
Finished building: D:/00_myGit/stm32f429-dma/src/07_dma_uart_to_sram/Src/system_stm32f4xx.c
 
Building file: D:/00_myGit/stm32f429-dma/src/07_dma_uart_to_sram/Src/main.c
Invoking: MCU GCC Compiler
D:\00_myGit\stm32f429-dma\src\07_dma_uart_to_sram\SW4STM32\07_dma_uart_to_sram\Debug
arm-none-eabi-gcc -mcpu=cortex-m4 -mthumb -mfloat-abi=hard -mfpu=fpv4-sp-d16 '-D__weak=__attribute__((weak))' '-D__packed=__attribute__((__packed__))' -DUSE_HAL_DRIVER -DSTM32F429xx -I"D:/00_myGit/stm32f429-dma/src/07_dma_uart_to_sram/Inc" -I"D:/00_myGit/stm32f429-dma/src/07_dma_uart_to_sram/Drivers/STM32F4xx_HAL_Driver/Inc" -I"D:/00_myGit/stm32f429-dma/src/07_dma_uart_to_sram/Drivers/STM32F4xx_HAL_Driver/Inc/Legacy" -I"D:/00_myGit/stm32f429-dma/src/07_dma_uart_to_sram/Drivers/CMSIS/Device/ST/STM32F4xx/Include" -I"D:/00_myGit/stm32f429-dma/src/07_dma_uart_to_sram/Drivers/CMSIS/Include"  -Og -g3 -Wall -fmessage-length=0 -ffunction-sections -c -fmessage-length=0 -MMD -MP -MF"Application/User/main.d" -MT"Application/User/main.o" -o "Application/User/main.o" "D:/00_myGit/stm32f429-dma/src/07_dma_uart_to_sram/Src/main.c"
Finished building: D:/00_myGit/stm32f429-dma/src/07_dma_uart_to_sram/Src/main.c
 
Building file: D:/00_myGit/stm32f429-dma/src/07_dma_uart_to_sram/Src/stm32f4xx_hal_msp.c
Invoking: MCU GCC Compiler
D:\00_myGit\stm32f429-dma\src\07_dma_uart_to_sram\SW4STM32\07_dma_uart_to_sram\Debug
arm-none-eabi-gcc -mcpu=cortex-m4 -mthumb -mfloat-abi=hard -mfpu=fpv4-sp-d16 '-D__weak=__attribute__((weak))' '-D__packed=__attribute__((__packed__))' -DUSE_HAL_DRIVER -DSTM32F429xx -I"D:/00_myGit/stm32f429-dma/src/07_dma_uart_to_sram/Inc" -I"D:/00_myGit/stm32f429-dma/src/07_dma_uart_to_sram/Drivers/STM32F4xx_HAL_Driver/Inc" -I"D:/00_myGit/stm32f429-dma/src/07_dma_uart_to_sram/Drivers/STM32F4xx_HAL_Driver/Inc/Legacy" -I"D:/00_myGit/stm32f429-dma/src/07_dma_uart_to_sram/Drivers/CMSIS/Device/ST/STM32F4xx/Include" -I"D:/00_myGit/stm32f429-dma/src/07_dma_uart_to_sram/Drivers/CMSIS/Include"  -Og -g3 -Wall -fmessage-length=0 -ffunction-sections -c -fmessage-length=0 -MMD -MP -MF"Application/User/stm32f4xx_hal_msp.d" -MT"Application/User/stm32f4xx_hal_msp.o" -o "Application/User/stm32f4xx_hal_msp.o" "D:/00_myGit/stm32f429-dma/src/07_dma_uart_to_sram/Src/stm32f4xx_hal_msp.c"
Finished building: D:/00_myGit/stm32f429-dma/src/07_dma_uart_to_sram/Src/stm32f4xx_hal_msp.c
 
Building file: D:/00_myGit/stm32f429-dma/src/07_dma_uart_to_sram/Src/stm32f4xx_it.c
Invoking: MCU GCC Compiler
D:\00_myGit\stm32f429-dma\src\07_dma_uart_to_sram\SW4STM32\07_dma_uart_to_sram\Debug
arm-none-eabi-gcc -mcpu=cortex-m4 -mthumb -mfloat-abi=hard -mfpu=fpv4-sp-d16 '-D__weak=__attribute__((weak))' '-D__packed=__attribute__((__packed__))' -DUSE_HAL_DRIVER -DSTM32F429xx -I"D:/00_myGit/stm32f429-dma/src/07_dma_uart_to_sram/Inc" -I"D:/00_myGit/stm32f429-dma/src/07_dma_uart_to_sram/Drivers/STM32F4xx_HAL_Driver/Inc" -I"D:/00_myGit/stm32f429-dma/src/07_dma_uart_to_sram/Drivers/STM32F4xx_HAL_Driver/Inc/Legacy" -I"D:/00_myGit/stm32f429-dma/src/07_dma_uart_to_sram/Drivers/CMSIS/Device/ST/STM32F4xx/Include" -I"D:/00_myGit/stm32f429-dma/src/07_dma_uart_to_sram/Drivers/CMSIS/Include"  -Og -g3 -Wall -fmessage-length=0 -ffunction-sections -c -fmessage-length=0 -MMD -MP -MF"Application/User/stm32f4xx_it.d" -MT"Application/User/stm32f4xx_it.o" -o "Application/User/stm32f4xx_it.o" "D:/00_myGit/stm32f429-dma/src/07_dma_uart_to_sram/Src/stm32f4xx_it.c"
Finished building: D:/00_myGit/stm32f429-dma/src/07_dma_uart_to_sram/Src/stm32f4xx_it.c
 
Building file: D:/00_myGit/stm32f429-dma/src/07_dma_uart_to_sram/SW4STM32/startup_stm32f429xx.s
Invoking: MCU GCC Assembler
D:\00_myGit\stm32f429-dma\src\07_dma_uart_to_sram\SW4STM32\07_dma_uart_to_sram\Debug
arm-none-eabi-as -mcpu=cortex-m4 -mthumb -mfloat-abi=hard -mfpu=fpv4-sp-d16 -g -o "Application/SW4STM32/startup_stm32f429xx.o" "D:/00_myGit/stm32f429-dma/src/07_dma_uart_to_sram/SW4STM32/startup_stm32f429xx.s"
Finished building: D:/00_myGit/stm32f429-dma/src/07_dma_uart_to_sram/SW4STM32/startup_stm32f429xx.s
 
Building target: 07_dma_uart_to_sram.elf
Invoking: MCU GCC Linker
arm-none-eabi-gcc -mcpu=cortex-m4 -mthumb -mfloat-abi=hard -mfpu=fpv4-sp-d16 -specs=nosys.specs -specs=nano.specs -T"../STM32F429ZITx_FLASH.ld" -Wl,-Map=output.map -Wl,--gc-sections -o "07_dma_uart_to_sram.elf" @"objects.list"   -lm
Finished building target: 07_dma_uart_to_sram.elf
 
make --no-print-directory post-build
Generating hex and Printing size information:
arm-none-eabi-objcopy -O ihex "07_dma_uart_to_sram.elf" "07_dma_uart_to_sram.hex"
arm-none-eabi-size "07_dma_uart_to_sram.elf"
   text	   data	    bss	    dec	    hex	filename
   7328	     20	   1732	   9080	   2378	07_dma_uart_to_sram.elf
 

23:22:20 Build Finished (took 9s.97ms)

