09:52:56 **** Incremental Build of configuration Debug for project 08_dma_adc_sram ****
make all 
Building file: ../Src/main.c
Invoking: MCU GCC Compiler
D:\00_myGit\stm32f429-dma\src\08_dma_adc_sram\Debug
arm-none-eabi-gcc -mcpu=cortex-m4 -mthumb -mfloat-abi=hard -mfpu=fpv4-sp-d16 '-D__weak=__attribute__((weak))' '-D__packed=__attribute__((__packed__))' -DUSE_HAL_DRIVER -DSTM32F429xx -I"D:/00_myGit/stm32f429-dma/src/08_dma_adc_sram/Inc" -I"D:/00_myGit/stm32f429-dma/src/08_dma_adc_sram/Drivers/STM32F4xx_HAL_Driver/Inc" -I"D:/00_myGit/stm32f429-dma/src/08_dma_adc_sram/Drivers/STM32F4xx_HAL_Driver/Inc/Legacy" -I"D:/00_myGit/stm32f429-dma/src/08_dma_adc_sram/Drivers/CMSIS/Device/ST/STM32F4xx/Include" -I"D:/00_myGit/stm32f429-dma/src/08_dma_adc_sram/Drivers/CMSIS/Include"  -Og -g3 -Wall -fmessage-length=0 -ffunction-sections -c -fmessage-length=0 -MMD -MP -MF"Src/main.d" -MT"Src/main.o" -o "Src/main.o" "../Src/main.c"
../Src/main.c: In function 'main':
../Src/main.c:141:11: warning: unused variable 'temp' [-Wunused-variable]
     float temp = (((temp_sum * (3.3/(2^12)-1)) - 0.76) / 2.5) + 25.0;
           ^~~~
Finished building: ../Src/main.c
 
Building target: 08_dma_adc_sram.elf
Invoking: MCU GCC Linker
arm-none-eabi-gcc -mcpu=cortex-m4 -mthumb -mfloat-abi=hard -mfpu=fpv4-sp-d16 -specs=nosys.specs -specs=nano.specs -T"../STM32F429ZITx_FLASH.ld" -Wl,-Map=output.map -Wl,--gc-sections -o "08_dma_adc_sram.elf" @"objects.list"   -lm
Finished building target: 08_dma_adc_sram.elf
 
make --no-print-directory post-build
Generating hex and Printing size information:
arm-none-eabi-objcopy -O ihex "08_dma_adc_sram.elf" "08_dma_adc_sram.hex"
arm-none-eabi-size "08_dma_adc_sram.elf"
   text	   data	    bss	    dec	    hex	filename
   8644	     20	   1836	  10500	   2904	08_dma_adc_sram.elf
 
